2015/12/07 16:34:17 AddInfo:  debugInfo GetValue Error
2015/12/07 16:34:17 1 
2015/12/07 16:34:17 2 
2015/12/07 16:34:17 3 
2015/12/07 16:34:17 4 debugInfo GetValue Error
2015/12/07 16:34:17 Put something... Length of debugInfo.lines:  5
2015/12/07 16:34:17 1 debugInfo_line_1 [34 34]
2015/12/07 16:34:17 2 debugInfo_line_2 [34 34]
2015/12/07 16:34:17 3 debugInfo_line_3 [34 34]
2015/12/07 16:34:17 4 debugInfo_line_4 [34 100 101 98 117 103 73 110 102 111 32 71 101 116 86 97 108 117 101 32 69 114 114 111 114 34]
2015/12/07 16:35:07 AddInfo:  Enemy Hit remain HP: 9 by Haboric

2015/12/07 16:35:07 1 
2015/12/07 16:35:07 2 
2015/12/07 16:35:07 3 debugInfo GetValue Error
2015/12/07 16:35:07 4 Enemy Hit remain HP: 9 by Haboric

2015/12/07 16:35:07 Put something... Length of debugInfo.lines:  5
2015/12/07 16:35:07 1 debugInfo_line_1 [34 34]
2015/12/07 16:35:07 2 debugInfo_line_2 [34 34]
2015/12/07 16:35:07 3 debugInfo_line_3 [34 100 101 98 117 103 73 110 102 111 32 71 101 116 86 97 108 117 101 32 69 114 114 111 114 34]
2015/12/07 16:35:07 4 debugInfo_line_4 [34 69 110 101 109 121 32 72 105 116 32 114 101 109 97 105 110 32 72 80 58 32 57 32 98 121 32 72 97 98 111 114 105 99 92 110 34]
2015/12/07 16:35:08 AddInfo:  Enemy Hit remain HP: 8 by Haboric

2015/12/07 16:35:08 1 
2015/12/07 16:35:08 2 debugInfo GetValue Error
2015/12/07 16:35:08 3 Enemy Hit remain HP: 9 by Haboric

2015/12/07 16:35:08 4 Enemy Hit remain HP: 8 by Haboric

2015/12/07 16:35:08 Put something... Length of debugInfo.lines:  5
2015/12/07 16:35:08 1 debugInfo_line_1 [34 34]
2015/12/07 16:35:08 2 debugInfo_line_2 [34 100 101 98 117 103 73 110 102 111 32 71 101 116 86 97 108 117 101 32 69 114 114 111 114 34]
2015/12/07 16:35:08 3 debugInfo_line_3 [34 69 110 101 109 121 32 72 105 116 32 114 101 109 97 105 110 32 72 80 58 32 57 32 98 121 32 72 97 98 111 114 105 99 92 110 34]
2015/12/07 16:35:08 4 debugInfo_line_4 [34 69 110 101 109 121 32 72 105 116 32 114 101 109 97 105 110 32 72 80 58 32 56 32 98 121 32 72 97 98 111 114 105 99 92 110 34]
2015/12/07 16:35:13 AddInfo:  Enemy Hit remain HP: 9 by Ken

2015/12/07 16:35:13 1 debugInfo GetValue Error
2015/12/07 16:35:13 2 Enemy Hit remain HP: 9 by Haboric

2015/12/07 16:35:13 3 Enemy Hit remain HP: 8 by Haboric

2015/12/07 16:35:13 4 Enemy Hit remain HP: 9 by Ken

2015/12/07 16:35:13 Put something... Length of debugInfo.lines:  5
2015/12/07 16:35:13 1 debugInfo_line_1 [34 100 101 98 117 103 73 110 102 111 32 71 101 116 86 97 108 117 101 32 69 114 114 111 114 34]
2015/12/07 16:35:13 2 debugInfo_line_2 [34 69 110 101 109 121 32 72 105 116 32 114 101 109 97 105 110 32 72 80 58 32 57 32 98 121 32 72 97 98 111 114 105 99 92 110 34]
2015/12/07 16:35:13 3 debugInfo_line_3 [34 69 110 101 109 121 32 72 105 116 32 114 101 109 97 105 110 32 72 80 58 32 56 32 98 121 32 72 97 98 111 114 105 99 92 110 34]
2015/12/07 16:35:13 4 debugInfo_line_4 [34 69 110 101 109 121 32 72 105 116 32 114 101 109 97 105 110 32 72 80 58 32 57 32 98 121 32 75 101 110 92 110 34]
